Command: C:\Espressif\python_env\idf5.5_py3.11_env\Scripts\python.exe C:\Users\User\esp\v5.5.1\esp-idf\tools/idf_monitor.py -p COM3 -b 115200 --toolchain-prefix xtensa-esp32-elf- --target esp32 --revision 0 D:\STIC 1\Week-11-Special_topics\Lab5\build\Lab5.elf D:\STIC 1\Week-11-Special_topics\Lab5\build\bootloader\bootloader.elf --force-color -m 'C:\Espressif\python_env\idf5.5_py3.11_env\Scripts\python.exe' 'C:\Users\User\esp\v5.5.1\esp-idf\tools\idf.py'
ÔøΩÔøΩ      : DIO
I (41ÔøΩets Jul 29 2019 12:21:46

rst:0x1 (POWERON_RESET),boot:0x13 (SPI_FAST_FLASH_BOOT)
configsip: 0, SPIWP:0xee
clk_drv:0x00,q_drv:0x00,d_drv:0x00,cs0_drv:0x00,hd_drv:0x00,wp_drv:0x00
mode:DIO, clock div:2
load:0x3fff0030,len:6380
ho 0 tail 12 room 4
load:0x40078000,len:15916
load:0x40080400,len:3860
entry 0x40080638
[0;32mI (29) boot: ESP-IDF v5.5.1 2nd stage bootloader[0m
[0;32mI (29) boot: compile time Oct  3 2025 10:00:19[0m
[0;32mI (29) boot: Multicore bootloader[0m
[0;32mI (31) boot: chip revision: v3.0[0m
[0;32mI (33) boot.esp32: SPI Speed      : 40MHz[0m
[0;32mI (37) boot.esp32: SPI Mode       : DIO[0m
[0;32mI (41) boot.esp32: SPI Flash Size : 2MB[0m
[0;32mI (44) boot: Enabling RNG early entropy source...[0m
[0;32mI (49) boot: Partition Table:[0m
[0;32mI (51) boot: ## Label            Usage          Type ST Offset   Length[0m
[0;32mI (58) boot:  0 nvs              WiFi data        01 02 00009000 00006000[0m
[0;32mI (64) boot:  1 phy_init         RF data          01 01 0000f000 00001000[0m
[0;32mI (71) boot:  2 factory          factory app      00 00 00010000 00100000[0m
[0;32mI (77) boot: End of partition table[0m
[0;32mI (81) esp_image: segment 0: paddr=00010020 vaddr=3f400020 size=0acfch ( 44284) map[0m
[0;32mI (103) esp_image: segment 1: paddr=0001ad24 vaddr=3ffb0000 size=02450h (  9296) load[0m
[0;32mI (107) esp_image: segment 2: paddr=0001d17c vaddr=40080000 size=02e9ch ( 11932) load[0m
[0;32mI (112) esp_image: segment 3: paddr=00020020 vaddr=400d0020 size=162e8h ( 90856) map[0m
[0;32mI (146) esp_image: segment 4: paddr=00036310 vaddr=40082e9c size=0a394h ( 41876) load[0m
[0;32mI (162) esp_image: segment 5: paddr=000406ac vaddr=50000000 size=00020h (    32) load[0m
[0;32mI (169) boot: Loaded app from partition at offset 0x10000[0m
[0;32mI (169) boot: Disabling RNG early entropy source...[0m
[0;32mI (180) cpu_start: Multicore app[0m
[0;32mI (189) cpu_start: Pro cpu start user code[0m
[0;32mI (189) cpu_start: cpu freq: 160000000 Hz[0m
[0;32mI (189) app_init: Application information:[0m
[0;32mI (189) app_init: Project name:     Lab5[0m
[0;32mI (192) app_init: App version:      e304ff4-dirty[0m
[0;32mI (197) app_init: Compile time:     Oct  3 2025 09:59:50[0m
[0;32mI (202) app_init: ELF file SHA256:  ff639d191...[0m
[0;32mI (206) app_init: ESP-IDF:          v5.5.1[0m
[0;32mI (210) efuse_init: Min chip rev:     v0.0[0m
[0;32mI (214) efuse_init: Max chip rev:     v3.99 [0m
[0;32mI (218) efuse_init: Chip rev:         v3.0[0m
[0;32mI (222) heap_init: Initializing. RAM available for dynamic allocation:[0m
[0;32mI (228) heap_init: At 3FFAE6E0 len 00001920 (6 KiB): DRAM[0m
[0;32mI (233) heap_init: At 3FFB2D78 len 0002D288 (180 KiB): DRAM[0m
[0;32mI (238) heap_init: At 3FFE0440 len 00003AE0 (14 KiB): D/IRAM[0m
[0;32mI (244) heap_init: At 3FFE4350 len 0001BCB0 (111 KiB): D/IRAM[0m
[0;32mI (249) heap_init: At 4008D230 len 00012DD0 (75 KiB): IRAM[0m
[0;32mI (256) spi_flash: detected chip: generic[0m
[0;32mI (258) spi_flash: flash io: dio[0m
[0;33mW (261) spi_flash: Detected size(4096k) larger than the size in the binary image header(2048k). Using the size in the binary image header.[0m
[0;33mW (273) ADC: legacy driver is deprecated, please migrate to `esp_adc/adc_oneshot.h`[0m
[0;32mI (281) main_task: Started on CPU0[0m
[0;32mI (291) main_task: Calling app_main()[0m
[0;32mI (291) LDR_ALERT: LDR Value: 2736[0m
[0;32mI (1291) LDR_ALERT: LDR Value: 2702[0m
[0;32mI (2291) LDR_ALERT: LDR Value: 2674[0m
[0;32mI (3291) LDR_ALERT: LDR Value: 2620[0m
[0;32mI (4291) LDR_ALERT: LDR Value: 2495[0m
[0;32mI (5291) LDR_ALERT: LDR Value: 2017[0m
[0;32mI (6291) LDR_ALERT: LDR Value: 1488[0m
[0;32mI (7291) LDR_ALERT: LDR Value: 1091[0m
[0;32mI (8291) LDR_ALERT: LDR Value: 803[0m
[0;33mW (8291) LDR_ALERT: ‚ö†Ô∏è ALERT: LDR below threshold (803)[0m
[0;32mI (9291) LDR_ALERT: LDR Value: 843[0m
[0;33mW (9291) LDR_ALERT: ‚ö†Ô∏è ALERT: LDR below threshold (843)[0m
[0;32mI (10291) LDR_ALERT: LDR Value: 1135[0m
[0;32mI (11291) LDR_ALERT: LDR Value: 2487[0m
[0;32mI (12291) LDR_ALERT: LDR Value: 2499[0m
[0;32mI (13291) LDR_ALERT: LDR Value: 2559[0m
[0;32mI (14291) LDR_ALERT: LDR Value: 2483[0m
[0;32mI (15291) LDR_ALERT: LDR Value: 2512[0m
[0;32mI (16291) LDR_ALERT: LDR Value: 2481[0m
[0;32mI (17291) LDR_ALERT: LDR Value: 2512[0m
