Command: C:\Espressif\python_env\idf5.5_py3.11_env\Scripts\python.exe C:\Users\User\esp\v5.5.1\esp-idf\tools/idf_monitor.py -p COM3 -b 115200 --toolchain-prefix xtensa-esp32-elf- --target esp32 --revision 0 D:\STIC 1\Week-11-Special_topics\Lab4\build\Lab4.elf D:\STIC 1\Week-11-Special_topics\Lab4\build\bootloader\bootloader.elf --force-color -m 'C:\Espressif\python_env\idf5.5_py3.11_env\Scripts\python.exe' 'C:\Users\User\esp\v5.5.1\esp-idf\tools\idf.py'
ÔøΩYÔøΩ"%=5
[0;32mI (41) boÔøΩets Jul 29 2019 12:21:46[0m

rst:0x1 (POWERON_RESET),boot:0x13 (SPI_FAST_FLASH_BOOT)
configsip: 0, SPIWP:0xee
clk_drv:0x00,q_drv:0x00,d_drv:0x00,cs0_drv:0x00,hd_drv:0x00,wp_drv:0x00
mode:DIO, clock div:2
load:0x3fff0030,len:6380
ho 0 tail 12 room 4
load:0x40078000,len:15916
load:0x40080400,len:3860
entry 0x40080638
[0;32mI (29) boot: ESP-IDF v5.5.1 2nd stage bootloader[0m
[0;32mI (29) boot: compile time Oct  3 2025 09:18:01[0m
[0;32mI (29) boot: Multicore bootloader[0m
[0;32mI (31) boot: chip revision: v3.0[0m
[0;32mI (33) boot.esp32: SPI Speed      : 40MHz[0m
[0;32mI (37) boot.esp32: SPI Mode       : DIO[0m
[0;32mI (41) boot.esp32: SPI Flash Size : 2MB[0m
[0;32mI (44) boot: Enabling RNG early entropy source...[0m
[0;32mI (49) boot: Partition Table:[0m
[0;32mI (51) boot: ## Label            Usage          Type ST Offset   Length[0m
[0;32mI (58) boot:  0 nvs              WiFi data        01 02 00009000 00006000[0m
[0;32mI (64) boot:  1 phy_init         RF data          01 01 0000f000 00001000[0m
[0;32mI (71) boot:  2 factory          factory app      00 00 00010000 00100000[0m
[0;32mI (77) boot: End of partition table[0m
[0;32mI (81) esp_image: segment 0: paddr=00010020 vaddr=3f400020 size=0ab0ch ( 43788) map[0m
[0;32mI (103) esp_image: segment 1: paddr=0001ab34 vaddr=3ffb0000 size=02450h (  9296) load[0m
[0;32mI (107) esp_image: segment 2: paddr=0001cf8c vaddr=40080000 size=0308ch ( 12428) load[0m
[0;32mI (112) esp_image: segment 3: paddr=00020020 vaddr=400d0020 size=15b80h ( 88960) map[0m
[0;32mI (145) esp_image: segment 4: paddr=00035ba8 vaddr=4008308c size=0a150h ( 41296) load[0m
[0;32mI (161) esp_image: segment 5: paddr=0003fd00 vaddr=50000000 size=00020h (    32) load[0m
[0;32mI (168) boot: Loaded app from partition at offset 0x10000[0m
[0;32mI (168) boot: Disabling RNG early entropy source...[0m
[0;32mI (179) cpu_start: Multicore app[0m
[0;32mI (188) cpu_start: Pro cpu start user code[0m
[0;32mI (188) cpu_start: cpu freq: 160000000 Hz[0m
[0;32mI (188) app_init: Application information:[0m
[0;32mI (188) app_init: Project name:     Lab4[0m
[0;32mI (191) app_init: App version:      e304ff4-dirty[0m
[0;32mI (196) app_init: Compile time:     Oct  3 2025 09:14:29[0m
[0;32mI (201) app_init: ELF file SHA256:  ab1eb950c...[0m
[0;32mI (205) app_init: ESP-IDF:          v5.5.1[0m
[0;32mI (209) efuse_init: Min chip rev:     v0.0[0m
[0;32mI (213) efuse_init: Max chip rev:     v3.99 [0m
[0;32mI (217) efuse_init: Chip rev:         v3.0[0m
[0;32mI (221) heap_init: Initializing. RAM available for dynamic allocation:[0m
[0;32mI (227) heap_init: At 3FFAE6E0 len 00001920 (6 KiB): DRAM[0m
[0;32mI (232) heap_init: At 3FFB2D78 len 0002D288 (180 KiB): DRAM[0m
[0;32mI (237) heap_init: At 3FFE0440 len 00003AE0 (14 KiB): D/IRAM[0m
[0;32mI (243) heap_init: At 3FFE4350 len 0001BCB0 (111 KiB): D/IRAM[0m
[0;32mI (248) heap_init: At 4008D1DC len 00012E24 (75 KiB): IRAM[0m
[0;32mI (255) spi_flash: detected chip: generic[0m
[0;32mI (257) spi_flash: flash io: dio[0m
[0;33mW (260) spi_flash: Detected size(4096k) larger than the size in the binary image header(2048k). Using the size in the binary image header.[0m
[0;33mW (272) ADC: legacy driver is deprecated, please migrate to `esp_adc/adc_oneshot.h`[0m
[0;32mI (280) main_task: Started on CPU0[0m
[0;32mI (290) main_task: Calling app_main()[0m
[0;32mI (290) LDR_LED: LDR Value: 3521[0m
[0;32mI (290) LDR_LED: LED ON (Dark mode, dimmed)[0m
[0;32mI (1290) LDR_LED: LDR Value: 3558[0m
[0;32mI (1290) LDR_LED: LED ON (Dark mode, dimmed)[0m
[0;32mI (2290) LDR_LED: LDR Value: 3602[0m
[0;32mI (2290) LDR_LED: LED ON (Dark mode, dimmed)[0m
[0;32mI (3290) LDR_LED: LDR Value: 3663[0m
[0;32mI (3290) LDR_LED: LED ON (Dark mode, dimmed)[0m
[0;32mI (4290) LDR_LED: LDR Value: 3710[0m
[0;32mI (4290) LDR_LED: LED ON (Dark mode, dimmed)[0m
[0;32mI (5290) LDR_LED: LDR Value: 3458[0m
[0;32mI (5290) LDR_LED: LED ON (Dark mode, dimmed)[0m
[0;32mI (6290) LDR_LED: LDR Value: 3509[0m
[0;32mI (6290) LDR_LED: LED ON (Dark mode, dimmed)[0m
[0;32mI (7290) LDR_LED: LDR Value: 3609[0m
[0;32mI (7290) LDR_LED: LED ON (Dark mode, dimmed)[0m
[0;32mI (8290) LDR_LED: LDR Value: 3671[0m
[0;32mI (8290) LDR_LED: LED ON (Dark mode, dimmed)[0m
[0;32mI (9290) LDR_LED: LDR Value: 3501[0m
[0;32mI (9290) LDR_LED: LED ON (Dark mode, dimmed)[0m
[0;32mI (10290) LDR_LED: LDR Value: 3042[0m
[0;32mI (10290) LDR_LED: LED ON (Dark mode, dimmed)[0m
[0;32mI (11290) LDR_LED: LDR Value: 2399[0m
[0;32mI (11290) LDR_LED: LED ON (Dark mode, dimmed)[0m
[0;32mI (12290) LDR_LED: LDR Value: 1930[0m
[0;32mI (12290) LDR_LED: LED OFF (Bright mode, stronger)[0m
[0;32mI (13290) LDR_LED: LDR Value: 1424[0m
[0;32mI (13290) LDR_LED: LED OFF (Bright mode, stronger)[0m
[0;32mI (14290) LDR_LED: LDR Value: 993[0m
[0;32mI (14290) LDR_LED: LED OFF (Bright mode, stronger)[0m
[0;32mI (15290) LDR_LED: LDR Value: 464[0m
[0;32mI (15290) LDR_LED: LED OFF (Bright mode, stronger)[0m
[0;32mI (16290) LDR_LED: LDR Value: 12[0m
[0;32mI (16290) LDR_LED: LED OFF (Bright mode, stronger)[0m
[0;32mI (17290) LDR_LED: LDR Value: 0[0m
[0;32mI (17290) LDR_LED: LED OFF (Bright mode, stronger)[0m
[0;32mI (18290) LDR_LED: LDR Value: 0[0m
[0;32mI (18290) LDR_LED: LED OFF (Bright mode, stronger)[0m
[0;32mI (19290) LDR_LED: LDR Value: 0[0m
[0;32mI (19290) LDR_LED: LED OFF (Bright mode, stronger)[0m
[0;32mI (20290) LDR_LED: LDR Value: 0[0m
[0;32mI (20290) LDR_LED: LED OFF (Bright mode, stronger)[0m
[0;32mI (21290) LDR_LED: LDR Value: 0[0m
[0;32mI (21290) LDR_LED: LED OFF (Bright mode, stronger)[0m
[0;32mI (22290) LDR_LED: LDR Value: 0[0m
[0;32mI (22290) LDR_LED: LED OFF (Bright mode, stronger)[0m
[0;32mI (23290) LDR_LED: LDR Value: 0[0m
[0;32mI (23290) LDR_LED: LED OFF (Bright mode, stronger)[0m
[0;32mI (24290) LDR_LED: LDR Value: 35[0m
[0;32mI (24290) LDR_LED: LED OFF (Bright mode, stronger)[0m
[0;32mI (25290) LDR_LED: LDR Value: 274[0m
[0;32mI (25290) LDR_LED: LED OFF (Bright mode, stronger)[0m
[0;32mI (26290) LDR_LED: LDR Value: 509[0m
[0;32mI (26290) LDR_LED: LED OFF (Bright mode, stronger)[0m
[0;32mI (27290) LDR_LED: LDR Value: 762[0m
[0;32mI (27290) LDR_LED: LED OFF (Bright mode, stronger)[0m
[0;32mI (28290) LDR_LED: LDR Value: 1040[0m
[0;32mI (28290) LDR_LED: LED OFF (Bright mode, stronger)[0m
[0;32mI (29290) LDR_LED: LDR Value: 1247[0m
[0;32mI (29290) LDR_LED: LED OFF (Bright mode, stronger)[0m
[0;32mI (30290) LDR_LED: LDR Value: 1503[0m
[0;32mI (30290) LDR_LED: LED OFF (Bright mode, stronger)[0m
[0;32mI (31290) LDR_LED: LDR Value: 1727[0m
[0;32mI (31290) LDR_LED: LED OFF (Bright mode, stronger)[0m
[0;32mI (32290) LDR_LED: LDR Value: 1971[0m
[0;32mI (32290) LDR_LED: LED OFF (Bright mode, stronger)[0m
[0;32mI (33290) LDR_LED: LDR Value: 2233[0m
[0;32mI (33290) LDR_LED: LED ON (Dark mode, dimmed)[0m
[0;32mI (34290) LDR_LED: LDR Value: 2391[0m
[0;32mI (34290) LDR_LED: LED ON (Dark mode, dimmed)[0m
[0;32mI (35290) LDR_LED: LDR Value: 2634[0m
[0;32mI (35290) LDR_LED: LED ON (Dark mode, dimmed)[0m
[0;32mI (36290) LDR_LED: LDR Value: 2783[0m
[0;32mI (36290) LDR_LED: LED ON (Dark mode, dimmed)[0m
[0;32mI (37290) LDR_LED: LDR Value: 3163[0m
[0;32mI (37290) LDR_LED: LED ON (Dark mode, dimmed)[0m
[0;32mI (38290) LDR_LED: LDR Value: 3810[0m
[0;32mI (38290) LDR_LED: LED ON (Dark mode, dimmed)[0m
[0;33mW (38290) LDR_LED: ‚ö†Ô∏è ALERT: Sensor over limit (3810)[0m
[0;32mI (39290) LDR_LED: LDR Value: 4095[0m
[0;32mI (39290) LDR_LED: LED ON (Dark mode, dimmed)[0m
[0;33mW (39290) LDR_LED: ‚ö†Ô∏è ALERT: Sensor over limit (4095)[0m
[0;32mI (40290) LDR_LED: LDR Value: 4095[0m
[0;32mI (40290) LDR_LED: LED ON (Dark mode, dimmed)[0m
[0;33mW (40290) LDR_LED: ‚ö†Ô∏è ALERT: Sensor over limit (4095)[0m
[0;32mI (41290) LDR_LED: LDR Value: 4095[0m
[0;32mI (41290) LDR_LED: LED ON (Dark mode, dimmed)[0m
[0;33mW (41290) LDR_LED: ‚ö†Ô∏è ALERT: Sensor over limit (4095)[0m
[0;32mI (42290) LDR_LED: LDR Value: 4095[0m
[0;32mI (42290) LDR_LED: LED ON (Dark mode, dimmed)[0m
[0;33mW (42290) LDR_LED: ‚ö†Ô∏è ALERT: Sensor over limit (4095)[0m
[0;32mI (43290) LDR_LED: LDR Value: 4095[0m
[0;32mI (43290) LDR_LED: LED ON (Dark mode, dimmed)[0m
[0;33mW (43290) LDR_LED: ‚ö†Ô∏è ALERT: Sensor over limit (4095)[0m
[0;32mI (44290) LDR_LED: LDR Value: 4095[0m
[0;32mI (44290) LDR_LED: LED ON (Dark mode, dimmed)[0m
[0;33mW (44290) LDR_LED: ‚ö†Ô∏è ALERT: Sensor over limit (4095)[0m
[0;32mI (45290) LDR_LED: LDR Value: 4095[0m
[0;32mI (45290) LDR_LED: LED ON (Dark mode, dimmed)[0m
[0;33mW (45290) LDR_LED: ‚ö†Ô∏è ALERT: Sensor over limit (4095)[0m
